exports[`when rendered with required props renders the input 1`] = `null`;
